node.exe : [33m[1mΓÜ
á[22m[39m `eslint` 
configuration in 
next.config.ts is no 
longer supported. See 
more info here: https:
//nextjs.org/docs/app/
api-reference/cli/next
#next-lint-options
At line:1 char:1
+ & "C:\Program Files\
nodejs/node.exe" "C:\U
sers\harsh\AppData\Roa
ming\ ...
+ ~~~~~~~~~~~~~~~~~~~~
~~~~~~~~~~~~~~~~~~~~~~
~~~~~~~~~~~~~~~~~~~~~~
~~~~~
    + CategoryInfo    
          : NotSpeci  
  fied: ([33m[1mΓ   
 Üá[2...xt-lint-o    
ptions:String) []    
, RemoteException
    + FullyQualifiedE 
   rrorId : NativeCo  
  mmandError
 
[33m[1mΓÜá[22m[39m
 Invalid 
next.config.ts 
options detected: 
[33m[1mΓÜá[22m[39m
     Unrecognized 
key(s) in object: 
'eslint'
[33m[1mΓÜá[22m[39m
 See more info here: h
ttps://nextjs.org/docs
/messages/invalid-next
-config

> Build error occurred
Error: Turbopack 
build failed with 1 
errors:
./src/lib/data.ts
Reading source code 
for parsing failed
An unexpected error 
happened while trying 
to read the source 
code to parse: failed 
to convert rope into 
string

Caused by:
- invalid utf-8 
sequence of 1 bytes 
from index 0

Import traces:
  Client Component 
Browser:
    ./src/lib/data.ts 
[Client Component 
Browser]
    ./src/app/orders/p
age.tsx [Client 
Component Browser]
    ./src/app/orders/p
age.tsx [Server 
Component]

  Client Component 
SSR:
    ./src/lib/data.ts 
[Client Component SSR]
    ./src/app/orders/p
age.tsx [Client 
Component SSR]
    ./src/app/orders/p
age.tsx [Server 
Component]


    at 
[3mignore-listed 
frames[23m
