
> foodies-web@0.1.0 test
> jest src/app/orders

  console.log
    [36m<body>[39m
      [36m<div>[39m
        [36m<main[39m
          [33mclass[39m=[32m"min-h-screen bg-black pt-24 pb-12"[39m
        [36m>[39m
          [36m<div[39m
            [33mclass[39m=[32m"container mx-auto px-4 mb-12"[39m
          [36m>[39m
            [36m<div[39m
              [33mclass[39m=[32m"text-center space-y-4"[39m
            [36m>[39m
              [0m [0m
              [36m<h1[39m
                [33mclass[39m=[32m"text-4xl md:text-6xl font-bold bg-clip-text text-transparent bg-gradient-to-r from-white to-slate-400"[39m
              [36m>[39m
                [0mOur Menu[0m
              [36m</h1>[39m
              [36m<p[39m
                [33mclass[39m=[32m"text-slate-400 max-w-2xl mx-auto"[39m
              [36m>[39m
                [0mExplore our wide selection of authentic dishes, handcrafted with fresh ingredients.[0m
              [36m</p>[39m
              [0m [0m
            [36m</div>[39m
          [36m</div>[39m
          [36m<div[39m
            [33mclass[39m=[32m"container mx-auto px-4 mb-8 sticky top-20 z-40 bg-black/80 backdrop-blur-md py-4 -mx-4"[39m
          [36m>[39m
            [36m<div[39m
              [33mclass[39m=[32m"flex flex-col md:flex-row gap-4 items-center justify-between"[39m
            [36m>[39m
              [36m<div[39m
                [33mclass[39m=[32m"flex overflow-x-auto pb-2 md:pb-0 gap-2 w-full md:w-auto scrollbar-hide"[39m
              [36m>[39m
                [36m<button[39m
                  [33mclass[39m=[32m"px-4 py-2 rounded-full text-sm font-medium whitespace-nowrap transition-all bg-white/5 text-slate-400 hover:bg-white/10 hover:text-white"[39m
                [36m>[39m
                  [0mAll[0m
                [36m</button>[39m
                [36m<button[39m
                  [33mclass[39m=[32m"px-4 py-2 rounded-full text-sm font-medium whitespace-nowrap transition-all bg-orange-600 text-white shadow-lg shadow-orange-500/25"[39m
                [36m>[39m
                  [0mStarters[0m
                [36m</button>[39m
                [36m<button[39m
                  [33mclass[39m=[32m"px-4 py-2 rounded-full text-sm font-medium whitespace-nowrap transition-all bg-white/5 text-slate-400 hover:bg-white/10 hover:text-white"[39m
                [36m>[39m
                  [0mMains[0m
                [36m</button>[39m
                [36m<button[39m
                  [33mclass[39m=[32m"px-4 py-2 rounded-full text-sm font-medium whitespace-nowrap transition-all bg-white/5 text-slate-400 hover:bg-white/10 hover:text-white"[39m
                [36m>[39m
                  [0mSides[0m
                [36m</button>[39m
                [36m<button[39m
                  [33mclass[39m=[32m"px-4 py-2 rounded-full text-sm font-medium whitespace-nowrap transition-all bg-white/5 text-slate-400 hover:bg-white/10 hover:text-white"[39m
                [36m>[39m
                  [0mDesserts[0m
                [36m</button>[39m
                [36m<button[39m
                  [33mclass[39m=[32m"px-4 py-2 rounded-full text-sm font-medium whitespace-nowrap transition-all bg-white/5 text-slate-400 hover:bg-white/10 hover:text-white"[39m
                [36m>[39m
                  [0mDrinks[0m
                [36m</button>[39m
              [36m</div>[39m
              [36m<div[39m
                [33mclass[39m=[32m"relative w-full md:w-64"[39m
              [36m>[39m
                [36m<input[39m
                  [33mclass[39m=[32m"w-full bg-white/5 border border-white/10 rounded-full px-4 py-2 text-white placeholder:text-slate-500 focus:outline-none focus:border-orange-500 transition-colors"[39m
                  [33mplaceholder[39m=[32m"Search dishes..."[39m
                  [33mtype[39m=[32m"text"[39m
                  [33mvalue[39m=[32m""[39m
                [36m/>[39m
              [36m</div>[39m
            [36m</div>[39m
          [36m</div>[39m
          [36m<div[39m
            [33mclass[39m=[32m"container mx-auto px-4"[39m
          [36m>[39m
            [36m<div[39m
              [33mclass[39m=[32m"grid grid-cols-1 md:grid-cols-2 lg:grid-cols-3 gap-6"[39m
            [36m>[39m
              [0m [0m
              [36m<div[39m
                [33mclass[39m=[32m"group bg-slate-900/50 border border-white/5 rounded-2xl overflow-hidden hover:border-orange-500/30 transition-all hover:shadow-xl hover:shadow-orange-500/10"[39m
              [36m>[39m
                [0m [0m
                [36m<div[39m
                  [33mclass[39m=[32m"relative h-56 overflow-hidden"[39m
                [36m>[39m
                  [36m<img[39m
                    [33malt[39m=[32m"Crispy Calamari"[39m
                    [33mclass[39m=[32m"object-cover transition-transform duration-500 group-hover:scale-110"[39m
                    [33msrc[39m=[32m"https://images.unsplash.com/photo-1604908176997-125f25cc6f3d?q=80&w=1500&auto=format&fit=crop"[39m
                  [36m/>[39m
                  [36m<div[39m
                    [33mclass[39m=[32m"absolute top-3 right-3 bg-black/60 backdrop-blur px-2 py-1 rounded-lg flex items-center gap-1 text-yellow-500 text-xs font-bold border border-white/10"[39m
                  [36m>[39m
                    [36m<svg[39m
                      [33maria-hidden[39m=[32m"true"[39m
                      [33mclass[39m=[32m"lucide lucide-star w-3 h-3 fill-current"[39m
                      [33mfill[39m=[32m"none"[39m
                      [33mheight[39m=[32m"24"[39m
                      [33mstroke[39m=[32m"currentColor"[39m
                      [33mstroke-linecap[39m=[32m"round"[39m
                      [33mstroke-linejoin[39m=[32m"round"[39m
                      [33mstroke-width[39m=[32m"2"[39m
                      [33mviewBox[39m=[32m"0 0 24 24"[39m
                      [33mwidth[39m=[32m"24"[39m
                      [33mxmlns[39m=[32m"http://www.w3.org/2000/svg"[39m
                    [36m>[39m
                      [36m<path[39m
                        [33md[39m=[32m"M11.525 2.295a.53.53 0 0 1 .95 0l2.31 4.679a2.123 2.123 0 0 0 1.595 1.16l5.166.756a.53.53 0 0 1 .294.904l-3.736 3.638a2.123 2.123 0 0 0-.611 1.878l.882 5.14a.53.53 0 0 1-.771.56l-4.618-2.428a2.122 2.122 0 0 0-1.973 0L6.396 21.01a.53.53 0 0 1-.77-.56l.881-5.139a2.122 2.122 0 0 0-.611-1.879L2.16 9.795a.53.53 0 0 1 .294-.906l5.165-.755a2.122 2.122 0 0 0 1.597-1.16z"[39m
                      [36m/>[39m
                    [36m</svg>[39m
                    [0m [0m
                    [0m4.6[0m
                  [36m</div>[39m
                [36m</div>[39m
                [36m<div[39m
                  [33mclass[39m=[32m"p-5"[39m
                [36m>[39m
                  [36m<div[39m
                    [33mclass[39m=[32m"flex justify-between items-start mb-2"[39m
                  [36m>[39m
                    [36m<div>[39m
                      [36m<h3[39m
                        [33mclass[39m=[32m"text-lg font-bold text-white group-hover:text-orange-400 transition-colors"[39m
                      [36m>[39m
                        [0mCrispy Calamari[0m
                      [36m</h3>[39m
                      [36m<p[39m
                        [33mclass[39m=[32m"text-xs text-orange-500 uppercase tracking-wide font-medium mt-1"[39m
                      [36m>[39m
                        [0mStarters[0m
                      [36m</p>[39m
                    [36m</div>[39m
                    [36m<span[39m
                      [33mclass[39m=[32m"text-lg font-semibold text-white"[39m
                    [36m>[39m
                      [0m$12.00[0m
                    [36m</span>[39m
                  [36m</div>[39m
                  [36m<p[39m
                    [33mclass[39m=[32m"text-slate-400 text-sm mb-4 line-clamp-2"[39m
                  [36m>[39m
                    [0mServed with lemon aioli and marinara sauce.[0m
                  [36m</p>[39m
                  [36m<button[39m
                    [33mclass[39m=[32m"w-full py-2.5 bg-white/5 hover:bg-orange-600 text-white rounded-lg font-medium transition-all flex items-center justify-center gap-2 group/btn"[39m
                  [36m>[39m
                    [0mAdd to Order [0m
                    [36m<svg[39m
                      [33maria-hidden[39m=[32m"true"[39m
                      [33mclass[39m=[32m"lucide lucide-shopping-bag w-4 h-4 group-hover/btn:translate-x-1 transition-transform"[39m
                      [33mfill[39m=[32m"none"[39m
                      [33mheight[39m=[32m"24"[39m
                      [33mstroke[39m=[32m"currentColor"[39m
                      [33mstroke-linecap[39m=[32m"round"[39m
                      [33mstroke-linejoin[39m=[32m"round"[39m
                      [33mstroke-width[39m=[32m"2"[39m
                      [33mviewBox[39m=[32m"0 0 24 24"[39m
                      [33mwidth[39m=[32m"24"[39m
                      [33mxmlns[39m=[32m"http://www.w3.org/2000/svg"[39m
                    [36m>[39m
                      [36m<path[39m
                        [33md[39m=[32m"M16 10a4 4 0 0 1-8 0"[39m
                      [36m/>[39m
                      [36m<path[39m
                        [33md[39m=[32m"M3.103 6.034h17.794"[39m
                      [36m/>[39m
                      [36m<path[39m
                        [33md[39m=[32m"M3.4 5.467a2 2 0 0 0-.4 1.2V20a2 2 0 0 0 2 2h14a2 2 0 0 0 2-2V6.667a2 2 0 0 0-.4-1.2l-2-2.667A2 2 0 0 0 17 2H7a2 2 0 0 0-1.6.8z"[39m
                      [36m/>[39m
                    [36m</svg>[39m
                  [36m</button>[39m
                [36m</div>[39m
                [0m [0m
              [36m</div>[39m
              [36m<div[39m
                [33mclass[39m=[32m"group bg-slate-900/50 border border-white/5 rounded-2xl overflow-hidden hover:border-orange-500/30 transition-all hover:shadow-xl hover:shadow-orange-500/10"[39m
              [36m>[39m
                [0m [0m
                [36m<div[39m
                  [33mclass[39m=[32m"relative h-56 overflow-hidden"[39m
                [36m>[39m
                  [36m<img[39m
                    [33malt[39m=[32m"Tandoori Chicken Wings"[39m
                    [33mclass[39m=[32m"object-cover transition-transform duration-500 group-hover:scale-110"[39m
                    [33msrc[39m=[32m"https://images.unsplash.com/photo-1527477396000-e27163b481c2?q=80&w=1500&auto=format&fit=crop"[39m
                  [36m/>[39m
                  [36m<div[39m
                    [33mclass[39m=[32m"absolute top-3 right-3 bg-black/60 backdrop-blur px-2 py-1 rounded-lg flex items-center gap-1 text-yellow-500 text-xs font-bold border border-white/10"[39m
                  [36m>[39m
                    [36m<svg[39m
                      [33maria-hidden[39m=[32m"true"[39m
                      [33mclass[39m=[32m"lucide lucide-star w-3 h-3 fill-current"[39m
                      [33mfill[39m=[32m"none"[39m
                      [33mheight[39m=[32m"24"[39m
                      [33mstroke[39m=[32m"currentColor"[39m
                      [33mstroke-linecap[39m=[32m"round"[39m
                      [33mstroke-linejoin[39m=[32m"round"[39m
                      [33mstroke-width[39m=[32m"2"[39m
                      [33mviewBox[39m=[32m"0 0 24 24"[39m
                      [33mwidth[39m=[32m"24"[39m
                      [33mxmlns[39m=[32m"http://www.w3.org/2000/svg"[39m
                    [36m>[39m
                      [36m<path[39m
                        [33md[39m=[32m"M11.525 2.295a.53.53 0 0 1 .95 0l2.31 4.679a2.123 2.123 0 0 0 1.595 1.16l5.166.756a.53.53 0 0 1 .294.904l-3.736 3.638a2.123 2.123 0 0 0-.611 1.878l.882 5.14a.53.53 0 0 1-.771.56l-4.618-2.428a2.122 2.122 0 0 0-1.973 0L6.396 21.01a.53.53 0 0 1-.77-.56l.881-5.139a2.122 2.122 0 0 0-.611-1.879L2.16 9.795a.53.53 0 0 1 .294-.906l5.165-.755a2.122 2.122 0 0 0 1.597-1.16z"[39m
                      [36m/>[39m
                    [36m</svg>[39m
                    [0m [0m
                    [0m4.8[0m
                  [36m</div>[39m
                [36m</div>[39m
                [36m<div[39m
                  [33mclass[39m=[32m"p-5"[39m
                [36m>[39m
                  [36m<div[39m
                    [33mclass[39m=[32m"flex justify-between items-start mb-2"[39m
                  [36m>[39m
                    [36m<div>[39m
                      [36m<h3[39m
                        [33mclass[39m=[32m"text-lg font-bold text-white group-hover:text-orange-400 transition-colors"[39m
                      [36m>[39m
                        [0mTandoori Chicken Wings[0m
                      [36m</h3>[39m
                      [36m<p[39m
                        [33mclass[39m=[32m"text-xs text-orange-500 uppercase tracking-wide font-medium mt-1"[39m
                      [36m>[39m
                        [0mStarters[0m
                      [36m</p>[39m
                    [36m</div>[39m
                    [36m<span[39m
                      [33mclass[39m=[32m"text-lg font-semibold text-white"[39m
                    [36m>[39m
                      [0m$14.00[0m
                    [36m</span>[39m
                  [36m</div>[39m
                  [36m<p[39m
                    [33mclass[39m=[32m"text-slate-400 text-sm mb-4 line-clamp-2"[39m
                  [36m>[39m
                    [0mMarinated in yogurt and spices, grilled to perfection.[0m
                  [36m</p>[39m
                  [36m<button[39m
                    [33mclass[39m=[32m"w-full py-2.5 bg-white/5 hover:bg-orange-600 text-white rounded-lg font-medium transition-all flex items-center justify-center gap-2 group/btn"[39m
                  [36m>[39m
                    [0mAdd to Order [0m
                    [36m<svg[39m
                      [33maria-hidden[39m=[32m"true"[39m
                      [33mclass[39m=[32m"lucide lucide-shopping-bag w-4 h-4 group-hover/btn:translate-x-1 transition-transform"[39m
                      [33mfill[39m=[32m"none"[39m
                      [33mheight[39m=[32m"24"[39m
                      [33mstroke[39m=[32m"currentColor"[39m
                      [33mstroke-linecap[39m=[32m"round"[39m
                      [33mstroke-linejoin[39m=[32m"round"[39m
                      [33mstroke-width[39m=[32m"2"[39m
                      [33mviewBox[39m=[32m"0 0 24 24"[39m
                      [33mwidth[39m=[32m"24"[39m
                      [33mxmlns[39m=[32m"http://www.w3.org/2000/svg"[39m
                    [36m>[39m
                      [36m<path[39m
                        [33md[39m=[32m"M16 10a4 4 0 0 1-8 0"[39m
                      [36m/>[39m
                      [36m<path[39m
                        [33md[39m=[32m"M3.103 6.034h17.794"[39m
                      [36m/>[39m
                      [36m<path[39m
                        [33md[39m=[32m"M3.4 5.467a2 2 0 0 0-.4 1.2V20a2 2 0 0 0 2 2h14a2 2 0 0 0 2-2V6.667a2 2 0 0 0-.4-1.2l-2-2.667A2 2 0 0 0 17 2H7a2 2 0 0 0-1.6.8z"[39m
                      [36m/>[39m
                    [36m</svg>[39m
                  [36m</button>[39m
                [36m</div>[39m
                [0m [0m
              [36m</div>[39m
              [0m [0m
              [0m [0m
            [36m</div>[39m
          [36m</div>[39m
        [36m</main>[39m
      [36m</div>[39m
    [36m</body>[39m

      at logDOM (node_modules/@testing-library/dom/dist/pretty-dom.js:93:13)

node.exe : PASS src/ap
p/orders/__tests__/Ord
ersPage.test.tsx
At line:1 char:1
+ & "C:\Program Files\
nodejs/node.exe" "C:\U
sers\harsh\AppData\Roa
ming\ ...
+ ~~~~~~~~~~~~~~~~~~~~
~~~~~~~~~~~~~~~~~~~~~~
~~~~~~~~~~~~~~~~~~~~~~
~~~~~
    + CategoryInfo    
          : NotSpeci  
  fied: (PASS src/a   
 pp/or...rsPage.te    
st.tsx:String) []    
, RemoteException
    + FullyQualifiedE 
   rrorId : NativeCo  
  mmandError
 
  OrdersPage
    ΓêÜ filters items 
by category (132 ms)
    Γùï skipped 
renders menu items
    Γùï skipped 
filters items by 
search query
    Γùï skipped 
displays no items 
found message when 
search yields no 
results
    Γùï skipped 
allows clearing 
filters

Test Suites: 1 
passed, 1 total
Tests:       4 
skipped, 1 passed, 5 
total
Snapshots:   0 total
Time:        0.919 s, 
estimated 1 s
Ran all test suites 
matching 
src/app/orders.
