
> foodies-web@0.1.0 test
> jest src/app/orders

